Initialized native services in: C:\Users\HP\.gradle\native
Initialized jansi services in: C:\Users\HP\.gradle\native
The client will now receive all logging from the daemon (pid: 28208). The daemon log file: C:\Users\HP\.gradle\daemon\8.14.1\daemon-28208.out.log
Starting 9th build in daemon [uptime: 47 mins 3.895 secs, performance: 100%, GC rate: 0.00/s, heap usage: 0% of 4 GiB, non-heap usage: 27% of 512 MiB]
Using 8 worker leases.
Now considering [E:\FYP\android, E:\FYP\node_modules\@react-native\gradle-plugin] as hierarchies to watch
Watching the file system is configured to be enabled if available
File system watching is active
Starting Build
Now considering [E:\FYP\node_modules\@react-native\gradle-plugin, E:\FYP\android] as hierarchies to watch
Resolved plugin [id: 'org.gradle.toolchains.foojay-resolver-convention', version: '0.5.0']

> Configure project :gradle-plugin
Evaluating project ':gradle-plugin' using build file 'E:\FYP\node_modules\@react-native\gradle-plugin\build.gradle.kts'.
Resolved plugin [id: 'org.jetbrains.kotlin.jvm', version: '2.1.20', apply: false]

> Configure project :gradle-plugin:react-native-gradle-plugin
Evaluating project ':gradle-plugin:react-native-gradle-plugin' using build file 'E:\FYP\node_modules\@react-native\gradle-plugin\react-native-gradle-plugin\build.gradle.kts'.
Resolved plugin [id: 'org.jetbrains.kotlin.jvm', version: '2.1.20']
Resolved plugin [id: 'java-gradle-plugin']
Build 7453cf9b-15f9-47c4-b9a2-06ac59e71db1 is started
Using Kotlin Gradle Plugin gradle85 variant
kotlin scripting plugin: created the scripting discovery configuration: kotlinScriptDef
kotlin scripting plugin: created the scripting discovery configuration: testKotlinScriptDef

> Configure project :gradle-plugin:settings-plugin
Evaluating project ':gradle-plugin:settings-plugin' using build file 'E:\FYP\node_modules\@react-native\gradle-plugin\settings-plugin\build.gradle.kts'.
Resolved plugin [id: 'org.jetbrains.kotlin.jvm', version: '2.1.20']
Resolved plugin [id: 'java-gradle-plugin']
Using Kotlin Gradle Plugin gradle85 variant
kotlin scripting plugin: created the scripting discovery configuration: kotlinScriptDef
kotlin scripting plugin: created the scripting discovery configuration: testKotlinScriptDef

> Configure project :gradle-plugin:shared
Evaluating project ':gradle-plugin:shared' using build file 'E:\FYP\node_modules\@react-native\gradle-plugin\shared\build.gradle.kts'.
Resolved plugin [id: 'org.jetbrains.kotlin.jvm', version: '2.1.20']
Using Kotlin Gradle Plugin gradle85 variant
kotlin scripting plugin: created the scripting discovery configuration: kotlinScriptDef
kotlin scripting plugin: created the scripting discovery configuration: testKotlinScriptDef

> Configure project :gradle-plugin:shared-testutil
Evaluating project ':gradle-plugin:shared-testutil' using build file 'E:\FYP\node_modules\@react-native\gradle-plugin\shared-testutil\build.gradle.kts'.
Resolved plugin [id: 'org.jetbrains.kotlin.jvm', version: '2.1.20']
Using Kotlin Gradle Plugin gradle85 variant
kotlin scripting plugin: created the scripting discovery configuration: kotlinScriptDef
kotlin scripting plugin: created the scripting discovery configuration: testKotlinScriptDef
Resolved plugin [id: 'com.facebook.react.settings']
Resolve mutations for :gradle-plugin:settings-plugin:checkKotlinGradlePluginConfigurationErrors (Thread[#1117,Execution worker,5,main]) started.
:gradle-plugin:settings-plugin:checkKotlinGradlePluginConfigurationErrors (Thread[#1117,Execution worker,5,main]) started.

> Task :gradle-plugin:settings-plugin:checkKotlinGradlePluginConfigurationErrors SKIPPED
Skipping task ':gradle-plugin:settings-plugin:checkKotlinGradlePluginConfigurationErrors' as task onlyIf 'errorDiagnostics are present' is false.
Resolve mutations for :gradle-plugin:shared:checkKotlinGradlePluginConfigurationErrors (Thread[#1117,Execution worker,5,main]) started.
:gradle-plugin:shared:checkKotlinGradlePluginConfigurationErrors (Thread[#1117,Execution worker,5,main]) started.

> Task :gradle-plugin:shared:checkKotlinGradlePluginConfigurationErrors SKIPPED
Skipping task ':gradle-plugin:shared:checkKotlinGradlePluginConfigurationErrors' as task onlyIf 'errorDiagnostics are present' is false.
Resolve mutations for :gradle-plugin:shared:compileKotlin (Thread[#1117,Execution worker,5,main]) started.
:gradle-plugin:shared:compileKotlin (Thread[#1116,included builds,5,main]) started.

> Task :gradle-plugin:shared:compileKotlin UP-TO-DATE
Caching disabled for task ':gradle-plugin:shared:compileKotlin' because:
  Build cache is disabled
Skipping task ':gradle-plugin:shared:compileKotlin' as it is up-to-date.
Resolve mutations for :gradle-plugin:shared:compileJava (Thread[#1119,Execution worker Thread 3,5,main]) started.
:gradle-plugin:shared:compileJava (Thread[#1119,Execution worker Thread 3,5,main]) started.

> Task :gradle-plugin:shared:compileJava NO-SOURCE
Skipping task ':gradle-plugin:shared:compileJava' as it has no source files and no previous output files.
Resolve mutations for :gradle-plugin:shared:processResources (Thread[#1119,Execution worker Thread 3,5,main]) started.
:gradle-plugin:shared:processResources (Thread[#1119,Execution worker Thread 3,5,main]) started.

> Task :gradle-plugin:shared:processResources NO-SOURCE
Skipping task ':gradle-plugin:shared:processResources' as it has no source files and no previous output files.
Resolve mutations for :gradle-plugin:shared:classes (Thread[#1119,Execution worker Thread 3,5,main]) started.
:gradle-plugin:shared:classes (Thread[#1119,Execution worker Thread 3,5,main]) started.

> Task :gradle-plugin:shared:classes UP-TO-DATE
Skipping task ':gradle-plugin:shared:classes' as it has no actions.
Resolve mutations for :gradle-plugin:shared:jar (Thread[#1119,Execution worker Thread 3,5,main]) started.
:gradle-plugin:shared:jar (Thread[#1119,Execution worker Thread 3,5,main]) started.

> Task :gradle-plugin:shared:jar UP-TO-DATE
Caching disabled for task ':gradle-plugin:shared:jar' because:
  Build cache is disabled
  Not worth caching
Skipping task ':gradle-plugin:shared:jar' as it is up-to-date.
work action resolve shared.jar (project :gradle-plugin:shared) (Thread[#1119,Execution worker Thread 3,5,main]) started.
Resolve mutations for :gradle-plugin:settings-plugin:compileKotlin (Thread[#1119,Execution worker Thread 3,5,main]) started.
:gradle-plugin:settings-plugin:compileKotlin (Thread[#1119,Execution worker Thread 3,5,main]) started.

> Task :gradle-plugin:settings-plugin:compileKotlin UP-TO-DATE
Caching disabled for task ':gradle-plugin:settings-plugin:compileKotlin' because:
  Build cache is disabled
Skipping task ':gradle-plugin:settings-plugin:compileKotlin' as it is up-to-date.
Resolve mutations for :gradle-plugin:settings-plugin:compileJava (Thread[#1116,included builds,5,main]) started.
:gradle-plugin:settings-plugin:compileJava (Thread[#1116,included builds,5,main]) started.

> Task :gradle-plugin:settings-plugin:compileJava NO-SOURCE
Skipping task ':gradle-plugin:settings-plugin:compileJava' as it has no source files and no previous output files.
Resolve mutations for :gradle-plugin:settings-plugin:pluginDescriptors (Thread[#1119,Execution worker Thread 3,5,main]) started.
:gradle-plugin:settings-plugin:pluginDescriptors (Thread[#1119,Execution worker Thread 3,5,main]) started.

> Task :gradle-plugin:settings-plugin:pluginDescriptors UP-TO-DATE
Caching disabled for task ':gradle-plugin:settings-plugin:pluginDescriptors' because:
  Build cache is disabled
  Not worth caching
Skipping task ':gradle-plugin:settings-plugin:pluginDescriptors' as it is up-to-date.
Resolve mutations for :gradle-plugin:settings-plugin:processResources (Thread[#1116,included builds,5,main]) started.
:gradle-plugin:settings-plugin:processResources (Thread[#1116,included builds,5,main]) started.

> Task :gradle-plugin:settings-plugin:processResources UP-TO-DATE
Caching disabled for task ':gradle-plugin:settings-plugin:processResources' because:
  Build cache is disabled
  Not worth caching
Skipping task ':gradle-plugin:settings-plugin:processResources' as it is up-to-date.
Resolve mutations for :gradle-plugin:settings-plugin:classes (Thread[#1116,included builds,5,main]) started.
:gradle-plugin:settings-plugin:classes (Thread[#1116,included builds,5,main]) started.

> Task :gradle-plugin:settings-plugin:classes UP-TO-DATE
Skipping task ':gradle-plugin:settings-plugin:classes' as it has no actions.
Resolve mutations for :gradle-plugin:settings-plugin:jar (Thread[#1116,included builds,5,main]) started.
:gradle-plugin:settings-plugin:jar (Thread[#1119,Execution worker Thread 3,5,main]) started.

> Task :gradle-plugin:settings-plugin:jar UP-TO-DATE
Caching disabled for task ':gradle-plugin:settings-plugin:jar' because:
  Build cache is disabled
  Not worth caching
Skipping task ':gradle-plugin:settings-plugin:jar' as it is up-to-date.
Settings evaluated using settings file 'E:\FYP\android\settings.gradle'.
Projects loaded. Root project using build file 'E:\FYP\android\build.gradle'.
Included projects: [root project 'silentvoice', project ':app', project ':react-native-firebase_app', project ':react-native-firebase_auth', project ':react-native-firebase_firestore', project ':react-native-firebase_storage', project ':react-native-gesture-handler', project ':react-native-image-picker', project ':react-native-linear-gradient', project ':react-native-reanimated', project ':react-native-safe-area-context', project ':react-native-screens', project ':react-native-tts', project ':react-native-vector-icons', project ':react-native-voice_voice', project ':react-native-webview', project ':react-native-worklets']
Registering project ':gradle-plugin' in composite build. Will substitute for module ':gradle-plugin-root'.
Registering project ':gradle-plugin:react-native-gradle-plugin' in composite build. Will substitute for module 'com.facebook.react:react-native-gradle-plugin'.
Registering project ':gradle-plugin:settings-plugin' in composite build. Will substitute for module 'com.facebook.react:settings-plugin'.
Registering project ':gradle-plugin:shared' in composite build. Will substitute for module 'com.facebook.react:shared'.
Registering project ':gradle-plugin:shared-testutil' in composite build. Will substitute for module 'com.facebook.react:shared-testutil'.
Resolve mutations for :gradle-plugin:react-native-gradle-plugin:checkKotlinGradlePluginConfigurationErrors (Thread[#1123,Execution worker Thread 7,5,main]) started.
:gradle-plugin:react-native-gradle-plugin:checkKotlinGradlePluginConfigurationErrors (Thread[#1123,Execution worker Thread 7,5,main]) started.

> Task :gradle-plugin:react-native-gradle-plugin:checkKotlinGradlePluginConfigurationErrors SKIPPED
Skipping task ':gradle-plugin:react-native-gradle-plugin:checkKotlinGradlePluginConfigurationErrors' as task onlyIf 'errorDiagnostics are present' is false.
Resolve mutations for :gradle-plugin:react-native-gradle-plugin:compileKotlin (Thread[#1117,Execution worker,5,main]) started.
:gradle-plugin:react-native-gradle-plugin:compileKotlin (Thread[#1117,Execution worker,5,main]) started.

> Task :gradle-plugin:react-native-gradle-plugin:compileKotlin UP-TO-DATE
Caching disabled for task ':gradle-plugin:react-native-gradle-plugin:compileKotlin' because:
  Build cache is disabled
Skipping task ':gradle-plugin:react-native-gradle-plugin:compileKotlin' as it is up-to-date.
Resolve mutations for :gradle-plugin:react-native-gradle-plugin:compileJava (Thread[#1117,Execution worker,5,main]) started.

> Task :gradle-plugin:react-native-gradle-plugin:compileJava NO-SOURCE
Skipping task ':gradle-plugin:react-native-gradle-plugin:compileJava' as it has no source files and no previous output files.
Resolve mutations for :gradle-plugin:react-native-gradle-plugin:pluginDescriptors (Thread[#1117,Execution worker,5,main]) started.

> Task :gradle-plugin:react-native-gradle-plugin:pluginDescriptors UP-TO-DATE
Caching disabled for task ':gradle-plugin:react-native-gradle-plugin:pluginDescriptors' because:
  Build cache is disabled
  Not worth caching
Skipping task ':gradle-plugin:react-native-gradle-plugin:pluginDescriptors' as it is up-to-date.
:gradle-plugin:react-native-gradle-plugin:processResources (Thread[#1117,Execution worker,5,main]) started.

> Task :gradle-plugin:react-native-gradle-plugin:processResources UP-TO-DATE
Caching disabled for task ':gradle-plugin:react-native-gradle-plugin:processResources' because:
  Build cache is disabled
  Not worth caching
Skipping task ':gradle-plugin:react-native-gradle-plugin:processResources' as it is up-to-date.

> Task :gradle-plugin:react-native-gradle-plugin:classes UP-TO-DATE
Skipping task ':gradle-plugin:react-native-gradle-plugin:classes' as it has no actions.

> Task :gradle-plugin:react-native-gradle-plugin:jar UP-TO-DATE
Caching disabled for task ':gradle-plugin:react-native-gradle-plugin:jar' because:
  Build cache is disabled
  Not worth caching
Skipping task ':gradle-plugin:react-native-gradle-plugin:jar' as it is up-to-date.

> Configure project :
Evaluating root project 'silentvoice' using build file 'E:\FYP\android\build.gradle'.
Found project 'project :gradle-plugin:react-native-gradle-plugin' as substitute for module 'com.facebook.react:react-native-gradle-plugin'.
Ignoring listeners of task graph ready event, as this build (:gradle-plugin) has already executed work.
:gradle-plugin:react-native-gradle-plugin:compileJava (Thread[#1116,included builds,5,main]) started.
:gradle-plugin:react-native-gradle-plugin:pluginDescriptors (Thread[#1116,included builds,5,main]) started.
Resolve mutations for :gradle-plugin:react-native-gradle-plugin:processResources (Thread[#1116,included builds,5,main]) started.
Resolve mutations for :gradle-plugin:react-native-gradle-plugin:classes (Thread[#1116,included builds,5,main]) started.
:gradle-plugin:react-native-gradle-plugin:classes (Thread[#1116,included builds,5,main]) started.
Resolve mutations for :gradle-plugin:react-native-gradle-plugin:jar (Thread[#1116,included builds,5,main]) started.
:gradle-plugin:react-native-gradle-plugin:jar (Thread[#1116,included builds,5,main]) started.

> Configure project :app
Evaluating project ':app' using build file 'E:\FYP\android\app\build.gradle'.
Using default execution profile
Build e68f08d6-ef3e-4864-a7e2-4f4ee8977dca is started
Using Kotlin Gradle Plugin gradle85 variant
C/C++: android.ndkVersion from module build.gradle is [26.1.10909125]
C/C++: android.ndkPath from module build.gradle is not set
C/C++: ndk.dir in local.properties is not set
C/C++: Not considering ANDROID_NDK_HOME because support was removed after deprecation period.
C/C++: sdkFolder is C:\Users\HP\AppData\Local\Android\Sdk 
C/C++: NDK side-by-side folder from sdkFolder C:\Users\HP\AppData\Local\Android\Sdk \ndk does not exist
C/C++: Folder C:\Users\HP\AppData\Local\Android\Sdk \ndk\26.1.10909125 does not exist. Ignoring.
C/C++: Folder C:\Users\HP\AppData\Local\Android\Sdk \ndk-bundle does not exist. Ignoring.
C/C++: No NDK was found. Trying to download it now.
Checking the license for package NDK (Side by side) 26.1.10909125 in C:\Users\HP\AppData\Local\Android\Sdk \licenses
Warning: License for package NDK (Side by side) 26.1.10909125 not accepted.
Build 7453cf9b-15f9-47c4-b9a2-06ac59e71db1 is closed
Build e68f08d6-ef3e-4864-a7e2-4f4ee8977dca is closed

[Incubating] Problems report is available at: file:///E:/FYP/android/build/reports/problems/problems-report.html

Deprecated Gradle features were used in this build, making it incompatible with Gradle 9.0.

You can use '--warning-mode all' to show the individual deprecation warnings and determine if they come from your own scripts or plugins.

For more on this, please refer to https://docs.gradle.org/8.14.1/userguide/command_line_interface.html#sec:command_line_warnings in the Gradle documentation.
10 actionable tasks: 10 up-to-date
Watched directory hierarchies: [E:\FYP\node_modules\@react-native\gradle-plugin]
